// Jest Snapshot v1, https://goo.gl/fbAQLP

exports[`render() should render the component 1`] = `ShallowWrapper {}`;
